// Jest Snapshot v1, https://goo.gl/fbAQLP

exports[`renders correctly 1`] = `
<form
  className=""
  onSubmit={[Function]}
>
  <input
    onChange={[Function]}
    required={true}
    type="text"
    value=""
  />
  <button
    type="submit"
  >
    Submit
  </button>
  <table>
    <thead>
      <tr>
        <th>
          Shas
        </th>
      </tr>
    </thead>
    <tbody>
      <tr>
        <td>
          1
        </td>
      </tr>
      <tr>
        <td>
          2
        </td>
      </tr>
    </tbody>
  </table>
</form>
`;
